V3 3
FL $XILINX/testtt/te.vhd 2025/05/11.15:58:15 I.24
EN work/interleaver_deinterleaver 1746968313 FL $XILINX/testtt/te.vhd PB ieee/std_logic_1164 1131108373 \
      PH ieee/NUMERIC_STD 1131108384
AR work/interleaver_deinterleaver/Behavioral 1746968314 FL $XILINX/testtt/te.vhd \
      EN work/interleaver_deinterleaver 1746968313
