EN interleaver_deinterleaver NULL C:/Xilinx/testtt/te.vhd sub00/vhpl00 1746968358
EN combined_interleaver NULL C:/Xilinx/testtt/te_tb.vhd sub00/vhpl02 1746968360
AR interleaver_deinterleaver behavioral C:/Xilinx/testtt/te.vhd sub00/vhpl01 1746968359
AR combined_interleaver behavioral C:/Xilinx/testtt/te_tb.vhd sub00/vhpl03 1746968361
